// Jest Snapshot v1, https://goo.gl/fbAQLP

exports[`PrivateRoute with authorization renders Private route 1`] = `
<div>
  Private route
</div>
`;

exports[`PrivateRoute with no authorization renders nothing 1`] = `null`;
