// Jest Snapshot v1, https://goo.gl/fbAQLP

exports[`withSubmitForm renders correctly 1`] = `
<withSubmitForm
  id={1}
  isPostingComment={false}
  onSubmit={[Function]}
/>
`;
