// Jest Snapshot v1, https://goo.gl/fbAQLP

exports[`withSubmitForm renders correctly 1`] = `<div />`;
