// Jest Snapshot v1, https://goo.gl/fbAQLP

exports[`Rating renders correctly 1`] = `
<div
  className="property__rating rating"
>
  <div
    className="property__stars rating__stars"
  >
    <span
      style={
        Object {
          "width": "70%",
        }
      }
    />
    <span
      className="visually-hidden"
    >
      3.5
    </span>
  </div>
  <span
    className="property__rating-value rating__value"
  >
    3.5
  </span>
</div>
`;
