// Jest Snapshot v1, https://goo.gl/fbAQLP

exports[`Error renders correctly 1`] = `
Array [
  <header
    className="header"
  >
    <div
      className="container"
    >
      <div
        className="header__wrapper"
      >
        <div
          className="header__left"
        >
          <a
            className="header__logo-link"
            href="/"
            onClick={[Function]}
          >
            <img
              alt="6 cities logo"
              className="header__logo"
              height="41"
              src="/img/logo.svg"
              width="81"
            />
          </a>
        </div>
        <nav
          className="header__nav"
        >
          <ul
            className="header__nav-list"
          >
            <li
              className="header__nav-item user"
            >
              <a
                className="header__nav-link header__nav-link--profile"
                href="/login"
                onClick={[Function]}
              >
                <div
                  className="header__avatar-wrapper user__avatar-wrapper"
                />
                <span
                  className="header__user-name user__name"
                >
                  Sign In
                </span>
              </a>
            </li>
          </ul>
        </nav>
      </div>
    </div>
  </header>,
  <main
    className="page__main"
  >
    <div
      className="container"
    >
      <section
        className="error"
      >
        <h1
          className="visually-hidden"
        >
          Error
        </h1>
        <div
          style={
            Object {
              "marginLeft": "auto",
              "marginRight": "auto",
              "marginTop": "16.7vh",
              "paddingTop": "94px",
              "textAlign": "center",
              "width": "420px",
            }
          }
        >
          <b
            className="favorites__status"
          >
            Error
          </b>
          <p
            className="favorites__status-description"
          >
            Something went wrong.
          </p>
          <p
            className="favorites__status-description"
          >
            Please try again later.
          </p>
        </div>
      </section>
    </div>
  </main>,
]
`;
